Analysis & Synthesis report for alu_8bit
Tue Nov 03 16:00:48 2020
Quartus Prime Version 19.1.0 Build 670 09/22/2019 SJ Lite Edition


---------------------
; Table of Contents ;
---------------------
  1. Legal Notice
  2. Analysis & Synthesis Summary
  3. Analysis & Synthesis Settings
  4. Parallel Compilation
  5. Analysis & Synthesis Source Files Read
  6. Analysis & Synthesis Resource Usage Summary
  7. Analysis & Synthesis Resource Utilization by Entity
  8. User-Specified and Inferred Latches
  9. General Register Statistics
 10. Multiplexer Restructuring Statistics (Restructuring Performed)
 11. Port Connectivity Checks: "dec_8bit:dec|sub_8bit:dec"
 12. Port Connectivity Checks: "inc_8bit:inc|add_8bit:inc_byte"
 13. Port Connectivity Checks: "sub_8bit:sub|add_8bit:sub_out"
 14. Port Connectivity Checks: "add_8bit:add"
 15. Post-Synthesis Netlist Statistics for Top Partition
 16. Elapsed Time Per Partition
 17. Analysis & Synthesis Messages



----------------
; Legal Notice ;
----------------
Copyright (C) 2019  Intel Corporation. All rights reserved.
Your use of Intel Corporation's design tools, logic functions 
and other software and tools, and any partner logic 
functions, and any output files from any of the foregoing 
(including device programming or simulation files), and any 
associated documentation or information are expressly subject 
to the terms and conditions of the Intel Program License 
Subscription Agreement, the Intel Quartus Prime License Agreement,
the Intel FPGA IP License Agreement, or other applicable license
agreement, including, without limitation, that your use is for
the sole purpose of programming logic devices manufactured by
Intel and sold by Intel or its authorized distributors.  Please
refer to the applicable agreement for further details, at
https://fpgasoftware.intel.com/eula.



+-------------------------------------------------------------------------------+
; Analysis & Synthesis Summary                                                  ;
+---------------------------------+---------------------------------------------+
; Analysis & Synthesis Status     ; Successful - Tue Nov 03 16:00:48 2020       ;
; Quartus Prime Version           ; 19.1.0 Build 670 09/22/2019 SJ Lite Edition ;
; Revision Name                   ; alu_8bit                                    ;
; Top-level Entity Name           ; alu8bit                                     ;
; Family                          ; Cyclone V                                   ;
; Logic utilization (in ALMs)     ; N/A                                         ;
; Total registers                 ; 0                                           ;
; Total pins                      ; 30                                          ;
; Total virtual pins              ; 0                                           ;
; Total block memory bits         ; 0                                           ;
; Total DSP Blocks                ; 0                                           ;
; Total HSSI RX PCSs              ; 0                                           ;
; Total HSSI PMA RX Deserializers ; 0                                           ;
; Total HSSI TX PCSs              ; 0                                           ;
; Total HSSI PMA TX Serializers   ; 0                                           ;
; Total PLLs                      ; 0                                           ;
; Total DLLs                      ; 0                                           ;
+---------------------------------+---------------------------------------------+


+---------------------------------------------------------------------------------------------------------------------------+
; Analysis & Synthesis Settings                                                                                             ;
+---------------------------------------------------------------------------------+--------------------+--------------------+
; Option                                                                          ; Setting            ; Default Value      ;
+---------------------------------------------------------------------------------+--------------------+--------------------+
; Device                                                                          ; 5CEBA4F23C7        ;                    ;
; Top-level entity name                                                           ; alu8bit            ; alu_8bit           ;
; Family name                                                                     ; Cyclone V          ; Cyclone V          ;
; Optimization Technique                                                          ; Speed              ; Balanced           ;
; Use smart compilation                                                           ; Off                ; Off                ;
; Enable parallel Assembler and Timing Analyzer during compilation                ; On                 ; On                 ;
; Enable compact report table                                                     ; Off                ; Off                ;
; Restructure Multiplexers                                                        ; Auto               ; Auto               ;
; MLAB Add Timing Constraints For Mixed-Port Feed-Through Mode Setting Don't Care ; Off                ; Off                ;
; Create Debugging Nodes for IP Cores                                             ; Off                ; Off                ;
; Preserve fewer node names                                                       ; On                 ; On                 ;
; Intel FPGA IP Evaluation Mode                                                   ; Enable             ; Enable             ;
; Verilog Version                                                                 ; Verilog_2001       ; Verilog_2001       ;
; VHDL Version                                                                    ; VHDL_1993          ; VHDL_1993          ;
; State Machine Processing                                                        ; Auto               ; Auto               ;
; Safe State Machine                                                              ; Off                ; Off                ;
; Extract Verilog State Machines                                                  ; On                 ; On                 ;
; Extract VHDL State Machines                                                     ; On                 ; On                 ;
; Ignore Verilog initial constructs                                               ; Off                ; Off                ;
; Iteration limit for constant Verilog loops                                      ; 5000               ; 5000               ;
; Iteration limit for non-constant Verilog loops                                  ; 250                ; 250                ;
; Add Pass-Through Logic to Inferred RAMs                                         ; On                 ; On                 ;
; Infer RAMs from Raw Logic                                                       ; On                 ; On                 ;
; Parallel Synthesis                                                              ; On                 ; On                 ;
; DSP Block Balancing                                                             ; Auto               ; Auto               ;
; NOT Gate Push-Back                                                              ; On                 ; On                 ;
; Power-Up Don't Care                                                             ; On                 ; On                 ;
; Remove Redundant Logic Cells                                                    ; Off                ; Off                ;
; Remove Duplicate Registers                                                      ; On                 ; On                 ;
; Ignore CARRY Buffers                                                            ; Off                ; Off                ;
; Ignore CASCADE Buffers                                                          ; Off                ; Off                ;
; Ignore GLOBAL Buffers                                                           ; Off                ; Off                ;
; Ignore ROW GLOBAL Buffers                                                       ; Off                ; Off                ;
; Ignore LCELL Buffers                                                            ; Off                ; Off                ;
; Ignore SOFT Buffers                                                             ; On                 ; On                 ;
; Limit AHDL Integers to 32 Bits                                                  ; Off                ; Off                ;
; Carry Chain Length                                                              ; 70                 ; 70                 ;
; Auto Carry Chains                                                               ; On                 ; On                 ;
; Auto Open-Drain Pins                                                            ; On                 ; On                 ;
; Perform WYSIWYG Primitive Resynthesis                                           ; Off                ; Off                ;
; Auto ROM Replacement                                                            ; On                 ; On                 ;
; Auto RAM Replacement                                                            ; On                 ; On                 ;
; Auto DSP Block Replacement                                                      ; On                 ; On                 ;
; Auto Shift Register Replacement                                                 ; Auto               ; Auto               ;
; Allow Shift Register Merging across Hierarchies                                 ; Auto               ; Auto               ;
; Auto Clock Enable Replacement                                                   ; On                 ; On                 ;
; Strict RAM Replacement                                                          ; Off                ; Off                ;
; Allow Synchronous Control Signals                                               ; On                 ; On                 ;
; Force Use of Synchronous Clear Signals                                          ; Off                ; Off                ;
; Auto Resource Sharing                                                           ; Off                ; Off                ;
; Allow Any RAM Size For Recognition                                              ; Off                ; Off                ;
; Allow Any ROM Size For Recognition                                              ; Off                ; Off                ;
; Allow Any Shift Register Size For Recognition                                   ; Off                ; Off                ;
; Use LogicLock Constraints during Resource Balancing                             ; On                 ; On                 ;
; Ignore translate_off and synthesis_off directives                               ; Off                ; Off                ;
; Timing-Driven Synthesis                                                         ; On                 ; On                 ;
; Report Parameter Settings                                                       ; On                 ; On                 ;
; Report Source Assignments                                                       ; On                 ; On                 ;
; Report Connectivity Checks                                                      ; On                 ; On                 ;
; Ignore Maximum Fan-Out Assignments                                              ; Off                ; Off                ;
; Synchronization Register Chain Length                                           ; 3                  ; 3                  ;
; Power Optimization During Synthesis                                             ; Normal compilation ; Normal compilation ;
; HDL message level                                                               ; Level2             ; Level2             ;
; Suppress Register Optimization Related Messages                                 ; Off                ; Off                ;
; Number of Removed Registers Reported in Synthesis Report                        ; 5000               ; 5000               ;
; Number of Swept Nodes Reported in Synthesis Report                              ; 5000               ; 5000               ;
; Number of Inverted Registers Reported in Synthesis Report                       ; 100                ; 100                ;
; Clock MUX Protection                                                            ; On                 ; On                 ;
; Auto Gated Clock Conversion                                                     ; Off                ; Off                ;
; Block Design Naming                                                             ; Auto               ; Auto               ;
; SDC constraint protection                                                       ; Off                ; Off                ;
; Synthesis Effort                                                                ; Auto               ; Auto               ;
; Shift Register Replacement - Allow Asynchronous Clear Signal                    ; On                 ; On                 ;
; Pre-Mapping Resynthesis Optimization                                            ; Off                ; Off                ;
; Analysis & Synthesis Message Level                                              ; Medium             ; Medium             ;
; Disable Register Merging Across Hierarchies                                     ; Auto               ; Auto               ;
; Resource Aware Inference For Block RAM                                          ; On                 ; On                 ;
; Automatic Parallel Synthesis                                                    ; On                 ; On                 ;
; Partial Reconfiguration Bitstream ID                                            ; Off                ; Off                ;
+---------------------------------------------------------------------------------+--------------------+--------------------+


+------------------------------------------+
; Parallel Compilation                     ;
+----------------------------+-------------+
; Processors                 ; Number      ;
+----------------------------+-------------+
; Number detected on machine ; 8           ;
; Maximum allowed            ; 4           ;
;                            ;             ;
; Average used               ; 1.00        ;
; Maximum used               ; 1           ;
;                            ;             ;
; Usage by Processor         ; % Time Used ;
;     Processor 1            ; 100.0%      ;
+----------------------------+-------------+


+-----------------------------------------------------------------------------------------------------------------------------------------+
; Analysis & Synthesis Source Files Read                                                                                                  ;
+----------------------------------+-----------------+------------------------+-------------------------------------------------+---------+
; File Name with User-Entered Path ; Used in Netlist ; File Type              ; File Name with Absolute Path                    ; Library ;
+----------------------------------+-----------------+------------------------+-------------------------------------------------+---------+
; sub_8bit.v                       ; yes             ; User Verilog HDL File  ; D:/QuartusPrime_workspace/ALU_8bit/sub_8bit.v   ;         ;
; alu8bit.v                        ; yes             ; User Verilog HDL File  ; D:/QuartusPrime_workspace/ALU_8bit/alu8bit.v    ;         ;
; add_8bit.v                       ; yes             ; User Verilog HDL File  ; D:/QuartusPrime_workspace/ALU_8bit/add_8bit.v   ;         ;
; add_4bit.v                       ; yes             ; User Verilog HDL File  ; D:/QuartusPrime_workspace/ALU_8bit/add_4bit.v   ;         ;
; or_gate4.v                       ; yes             ; User Verilog HDL File  ; D:/QuartusPrime_workspace/ALU_8bit/or_gate4.v   ;         ;
; or_gate8.v                       ; yes             ; User Verilog HDL File  ; D:/QuartusPrime_workspace/ALU_8bit/or_gate8.v   ;         ;
; and_gate4.v                      ; yes             ; User Verilog HDL File  ; D:/QuartusPrime_workspace/ALU_8bit/and_gate4.v  ;         ;
; and_gate8.v                      ; yes             ; User Verilog HDL File  ; D:/QuartusPrime_workspace/ALU_8bit/and_gate8.v  ;         ;
; not_gate4.v                      ; yes             ; User Verilog HDL File  ; D:/QuartusPrime_workspace/ALU_8bit/not_gate4.v  ;         ;
; not_gate8.v                      ; yes             ; User Verilog HDL File  ; D:/QuartusPrime_workspace/ALU_8bit/not_gate8.v  ;         ;
; exor_gate4.v                     ; yes             ; User Verilog HDL File  ; D:/QuartusPrime_workspace/ALU_8bit/exor_gate4.v ;         ;
; exor_gate8.v                     ; yes             ; User Verilog HDL File  ; D:/QuartusPrime_workspace/ALU_8bit/exor_gate8.v ;         ;
; inc_8bit.v                       ; yes             ; User Verilog HDL File  ; D:/QuartusPrime_workspace/ALU_8bit/inc_8bit.v   ;         ;
; dec_8bit.v                       ; yes             ; User Verilog HDL File  ; D:/QuartusPrime_workspace/ALU_8bit/dec_8bit.v   ;         ;
+----------------------------------+-----------------+------------------------+-------------------------------------------------+---------+


+---------------------------------------------------------------+
; Analysis & Synthesis Resource Usage Summary                   ;
+---------------------------------------------+-----------------+
; Resource                                    ; Usage           ;
+---------------------------------------------+-----------------+
; Estimate of Logic utilization (ALMs needed) ; 43              ;
;                                             ;                 ;
; Combinational ALUT usage for logic          ; 60              ;
;     -- 7 input functions                    ; 9               ;
;     -- 6 input functions                    ; 17              ;
;     -- 5 input functions                    ; 8               ;
;     -- 4 input functions                    ; 17              ;
;     -- <=3 input functions                  ; 9               ;
;                                             ;                 ;
; Dedicated logic registers                   ; 0               ;
;                                             ;                 ;
; I/O pins                                    ; 30              ;
;                                             ;                 ;
; Total DSP Blocks                            ; 0               ;
;                                             ;                 ;
; Maximum fan-out node                        ; opcode[1]~input ;
; Maximum fan-out                             ; 16              ;
; Total fan-out                               ; 334             ;
; Average fan-out                             ; 2.78            ;
+---------------------------------------------+-----------------+


+-----------------------------------------------------------------------------------------------------------------------------------------------------------------------------------------------------------------------------------------+
; Analysis & Synthesis Resource Utilization by Entity                                                                                                                                                                                     ;
+------------------------------+---------------------+---------------------------+-------------------+------------+------+--------------+--------------------------------------------------------------------+-------------+--------------+
; Compilation Hierarchy Node   ; Combinational ALUTs ; Dedicated Logic Registers ; Block Memory Bits ; DSP Blocks ; Pins ; Virtual Pins ; Full Hierarchy Name                                                ; Entity Name ; Library Name ;
+------------------------------+---------------------+---------------------------+-------------------+------------+------+--------------+--------------------------------------------------------------------+-------------+--------------+
; |alu8bit                     ; 60 (17)             ; 0 (0)                     ; 0                 ; 0          ; 30   ; 0            ; |alu8bit                                                           ; alu8bit     ; work         ;
;    |add_8bit:add|            ; 13 (0)              ; 0 (0)                     ; 0                 ; 0          ; 0    ; 0            ; |alu8bit|add_8bit:add                                              ; add_8bit    ; work         ;
;       |add_4bit:add03|       ; 5 (5)               ; 0 (0)                     ; 0                 ; 0          ; 0    ; 0            ; |alu8bit|add_8bit:add|add_4bit:add03                               ; add_4bit    ; work         ;
;       |add_4bit:add47|       ; 8 (8)               ; 0 (0)                     ; 0                 ; 0          ; 0    ; 0            ; |alu8bit|add_8bit:add|add_4bit:add47                               ; add_4bit    ; work         ;
;    |dec_8bit:dec|            ; 7 (0)               ; 0 (0)                     ; 0                 ; 0          ; 0    ; 0            ; |alu8bit|dec_8bit:dec                                              ; dec_8bit    ; work         ;
;       |sub_8bit:dec|         ; 7 (0)               ; 0 (0)                     ; 0                 ; 0          ; 0    ; 0            ; |alu8bit|dec_8bit:dec|sub_8bit:dec                                 ; sub_8bit    ; work         ;
;          |add_8bit:sub_out|  ; 7 (0)               ; 0 (0)                     ; 0                 ; 0          ; 0    ; 0            ; |alu8bit|dec_8bit:dec|sub_8bit:dec|add_8bit:sub_out                ; add_8bit    ; work         ;
;             |add_4bit:add03| ; 1 (1)               ; 0 (0)                     ; 0                 ; 0          ; 0    ; 0            ; |alu8bit|dec_8bit:dec|sub_8bit:dec|add_8bit:sub_out|add_4bit:add03 ; add_4bit    ; work         ;
;             |add_4bit:add47| ; 6 (6)               ; 0 (0)                     ; 0                 ; 0          ; 0    ; 0            ; |alu8bit|dec_8bit:dec|sub_8bit:dec|add_8bit:sub_out|add_4bit:add47 ; add_4bit    ; work         ;
;    |exor_gate8:exor_gate|    ; 5 (0)               ; 0 (0)                     ; 0                 ; 0          ; 0    ; 0            ; |alu8bit|exor_gate8:exor_gate                                      ; exor_gate8  ; work         ;
;       |exor_gate4:x03|       ; 1 (1)               ; 0 (0)                     ; 0                 ; 0          ; 0    ; 0            ; |alu8bit|exor_gate8:exor_gate|exor_gate4:x03                       ; exor_gate4  ; work         ;
;       |exor_gate4:x47|       ; 4 (4)               ; 0 (0)                     ; 0                 ; 0          ; 0    ; 0            ; |alu8bit|exor_gate8:exor_gate|exor_gate4:x47                       ; exor_gate4  ; work         ;
;    |inc_8bit:inc|            ; 7 (0)               ; 0 (0)                     ; 0                 ; 0          ; 0    ; 0            ; |alu8bit|inc_8bit:inc                                              ; inc_8bit    ; work         ;
;       |add_8bit:inc_byte|    ; 7 (0)               ; 0 (0)                     ; 0                 ; 0          ; 0    ; 0            ; |alu8bit|inc_8bit:inc|add_8bit:inc_byte                            ; add_8bit    ; work         ;
;          |add_4bit:add03|    ; 1 (1)               ; 0 (0)                     ; 0                 ; 0          ; 0    ; 0            ; |alu8bit|inc_8bit:inc|add_8bit:inc_byte|add_4bit:add03             ; add_4bit    ; work         ;
;          |add_4bit:add47|    ; 6 (6)               ; 0 (0)                     ; 0                 ; 0          ; 0    ; 0            ; |alu8bit|inc_8bit:inc|add_8bit:inc_byte|add_4bit:add47             ; add_4bit    ; work         ;
;    |sub_8bit:sub|            ; 11 (0)              ; 0 (0)                     ; 0                 ; 0          ; 0    ; 0            ; |alu8bit|sub_8bit:sub                                              ; sub_8bit    ; work         ;
;       |add_8bit:sub_out|     ; 11 (0)              ; 0 (0)                     ; 0                 ; 0          ; 0    ; 0            ; |alu8bit|sub_8bit:sub|add_8bit:sub_out                             ; add_8bit    ; work         ;
;          |add_4bit:add03|    ; 3 (3)               ; 0 (0)                     ; 0                 ; 0          ; 0    ; 0            ; |alu8bit|sub_8bit:sub|add_8bit:sub_out|add_4bit:add03              ; add_4bit    ; work         ;
;          |add_4bit:add47|    ; 8 (8)               ; 0 (0)                     ; 0                 ; 0          ; 0    ; 0            ; |alu8bit|sub_8bit:sub|add_8bit:sub_out|add_4bit:add47              ; add_4bit    ; work         ;
+------------------------------+---------------------+---------------------------+-------------------+------------+------+--------------+--------------------------------------------------------------------+-------------+--------------+
Note: For table entries with two numbers listed, the numbers in parentheses indicate the number of resources of the given type used by the specific entity alone. The numbers listed outside of parentheses indicate the total resources of the given type used by the specific entity and all of its sub-entities in the hierarchy.


+---------------------------------------------------------------------------------------------------+
; User-Specified and Inferred Latches                                                               ;
+----------------------------------------------------+---------------------+------------------------+
; Latch Name                                         ; Latch Enable Signal ; Free of Timing Hazards ;
+----------------------------------------------------+---------------------+------------------------+
; cout$latch                                         ; opcode[2]           ; yes                    ;
; Number of user-specified and inferred latches = 1  ;                     ;                        ;
+----------------------------------------------------+---------------------+------------------------+
Note: All latches listed above may not be present at the end of synthesis due to various synthesis optimizations.


+------------------------------------------------------+
; General Register Statistics                          ;
+----------------------------------------------+-------+
; Statistic                                    ; Value ;
+----------------------------------------------+-------+
; Total registers                              ; 0     ;
; Number of registers using Synchronous Clear  ; 0     ;
; Number of registers using Synchronous Load   ; 0     ;
; Number of registers using Asynchronous Clear ; 0     ;
; Number of registers using Asynchronous Load  ; 0     ;
; Number of registers using Clock Enable       ; 0     ;
; Number of registers using Preset             ; 0     ;
+----------------------------------------------+-------+


+------------------------------------------------------------------------------------------------------------------------------------------+
; Multiplexer Restructuring Statistics (Restructuring Performed)                                                                           ;
+--------------------+-----------+---------------+----------------------+------------------------+------------+----------------------------+
; Multiplexer Inputs ; Bus Width ; Baseline Area ; Area if Restructured ; Saving if Restructured ; Registered ; Example Multiplexer Output ;
+--------------------+-----------+---------------+----------------------+------------------------+------------+----------------------------+
; 16:1               ; 7 bits    ; 70 LEs        ; 42 LEs               ; 28 LEs                 ; No         ; |alu8bit|out               ;
+--------------------+-----------+---------------+----------------------+------------------------+------------+----------------------------+


+-------------------------------------------------------+
; Port Connectivity Checks: "dec_8bit:dec|sub_8bit:dec" ;
+---------+-------+----------+--------------------------+
; Port    ; Type  ; Severity ; Details                  ;
+---------+-------+----------+--------------------------+
; b[7..1] ; Input ; Info     ; Stuck at GND             ;
; b[0]    ; Input ; Info     ; Stuck at VCC             ;
+---------+-------+----------+--------------------------+


+------------------------------------------------------------+
; Port Connectivity Checks: "inc_8bit:inc|add_8bit:inc_byte" ;
+------+-------+----------+----------------------------------+
; Port ; Type  ; Severity ; Details                          ;
+------+-------+----------+----------------------------------+
; b    ; Input ; Info     ; Stuck at GND                     ;
; cin  ; Input ; Info     ; Stuck at VCC                     ;
+------+-------+----------+----------------------------------+


+-----------------------------------------------------------+
; Port Connectivity Checks: "sub_8bit:sub|add_8bit:sub_out" ;
+------+-------+----------+---------------------------------+
; Port ; Type  ; Severity ; Details                         ;
+------+-------+----------+---------------------------------+
; cin  ; Input ; Info     ; Stuck at VCC                    ;
+------+-------+----------+---------------------------------+


+------------------------------------------+
; Port Connectivity Checks: "add_8bit:add" ;
+------+-------+----------+----------------+
; Port ; Type  ; Severity ; Details        ;
+------+-------+----------+----------------+
; cin  ; Input ; Info     ; Stuck at GND   ;
+------+-------+----------+----------------+


+-----------------------------------------------------+
; Post-Synthesis Netlist Statistics for Top Partition ;
+-----------------------+-----------------------------+
; Type                  ; Count                       ;
+-----------------------+-----------------------------+
; arriav_lcell_comb     ; 60                          ;
;     extend            ; 9                           ;
;         7 data inputs ; 9                           ;
;     normal            ; 51                          ;
;         2 data inputs ; 5                           ;
;         3 data inputs ; 4                           ;
;         4 data inputs ; 17                          ;
;         5 data inputs ; 8                           ;
;         6 data inputs ; 17                          ;
; boundary_port         ; 30                          ;
;                       ;                             ;
; Max LUT depth         ; 5.00                        ;
; Average LUT depth     ; 3.98                        ;
+-----------------------+-----------------------------+


+-------------------------------+
; Elapsed Time Per Partition    ;
+----------------+--------------+
; Partition Name ; Elapsed Time ;
+----------------+--------------+
; Top            ; 00:00:00     ;
+----------------+--------------+


+-------------------------------+
; Analysis & Synthesis Messages ;
+-------------------------------+
Info: *******************************************************************
Info: Running Quartus Prime Analysis & Synthesis
    Info: Version 19.1.0 Build 670 09/22/2019 SJ Lite Edition
    Info: Processing started: Tue Nov 03 16:00:39 2020
Info: Command: quartus_map --read_settings_files=on --write_settings_files=off alu_8bit -c alu_8bit
Warning (18236): Number of processors has not been specified which may cause overloading on shared machines.  Set the global assignment NUM_PARALLEL_PROCESSORS in your QSF to an appropriate value for best performance.
Info (20030): Parallel compilation is enabled and will use 4 of the 4 processors detected
Info (12021): Found 1 design units, including 1 entities, in source file sub_8bit.v
    Info (12023): Found entity 1: sub_8bit File: D:/QuartusPrime_workspace/ALU_8bit/sub_8bit.v Line: 1
Info (12021): Found 1 design units, including 1 entities, in source file alu8bit.v
    Info (12023): Found entity 1: alu8bit File: D:/QuartusPrime_workspace/ALU_8bit/alu8bit.v Line: 1
Info (12021): Found 1 design units, including 1 entities, in source file add_8bit.v
    Info (12023): Found entity 1: add_8bit File: D:/QuartusPrime_workspace/ALU_8bit/add_8bit.v Line: 1
Info (12021): Found 1 design units, including 1 entities, in source file add_4bit.v
    Info (12023): Found entity 1: add_4bit File: D:/QuartusPrime_workspace/ALU_8bit/add_4bit.v Line: 1
Info (12021): Found 1 design units, including 1 entities, in source file or_gate4.v
    Info (12023): Found entity 1: or_gate4 File: D:/QuartusPrime_workspace/ALU_8bit/or_gate4.v Line: 1
Info (12021): Found 1 design units, including 1 entities, in source file or_gate8.v
    Info (12023): Found entity 1: or_gate8 File: D:/QuartusPrime_workspace/ALU_8bit/or_gate8.v Line: 3
Info (12021): Found 1 design units, including 1 entities, in source file and_gate4.v
    Info (12023): Found entity 1: and_gate4 File: D:/QuartusPrime_workspace/ALU_8bit/and_gate4.v Line: 1
Info (12021): Found 1 design units, including 1 entities, in source file and_gate8.v
    Info (12023): Found entity 1: and_gate8 File: D:/QuartusPrime_workspace/ALU_8bit/and_gate8.v Line: 1
Info (12021): Found 1 design units, including 1 entities, in source file not_gate4.v
    Info (12023): Found entity 1: not_gate4 File: D:/QuartusPrime_workspace/ALU_8bit/not_gate4.v Line: 1
Info (12021): Found 1 design units, including 1 entities, in source file not_gate8.v
    Info (12023): Found entity 1: not_gate8 File: D:/QuartusPrime_workspace/ALU_8bit/not_gate8.v Line: 1
Info (12021): Found 1 design units, including 1 entities, in source file exor_gate4.v
    Info (12023): Found entity 1: exor_gate4 File: D:/QuartusPrime_workspace/ALU_8bit/exor_gate4.v Line: 1
Info (12021): Found 1 design units, including 1 entities, in source file exor_gate8.v
    Info (12023): Found entity 1: exor_gate8 File: D:/QuartusPrime_workspace/ALU_8bit/exor_gate8.v Line: 1
Info (12021): Found 1 design units, including 1 entities, in source file inc_8bit.v
    Info (12023): Found entity 1: inc_8bit File: D:/QuartusPrime_workspace/ALU_8bit/inc_8bit.v Line: 1
Info (12021): Found 1 design units, including 1 entities, in source file dec_8bit.v
    Info (12023): Found entity 1: dec_8bit File: D:/QuartusPrime_workspace/ALU_8bit/dec_8bit.v Line: 1
Info (12021): Found 1 design units, including 1 entities, in source file mux38.v
    Info (12023): Found entity 1: mux38 File: D:/QuartusPrime_workspace/ALU_8bit/mux38.v Line: 1
Info (12021): Found 1 design units, including 1 entities, in source file testbench_alu.v
    Info (12023): Found entity 1: testbench_alu File: D:/QuartusPrime_workspace/ALU_8bit/testbench_alu.v Line: 3
Info (12127): Elaborating entity "alu8bit" for the top level hierarchy
Warning (10235): Verilog HDL Always Construct warning at alu8bit.v(39): variable "add_out" is read inside the Always Construct but isn't in the Always Construct's Event Control File: D:/QuartusPrime_workspace/ALU_8bit/alu8bit.v Line: 39
Warning (10235): Verilog HDL Always Construct warning at alu8bit.v(40): variable "add_cout" is read inside the Always Construct but isn't in the Always Construct's Event Control File: D:/QuartusPrime_workspace/ALU_8bit/alu8bit.v Line: 40
Warning (10235): Verilog HDL Always Construct warning at alu8bit.v(45): variable "sub_out" is read inside the Always Construct but isn't in the Always Construct's Event Control File: D:/QuartusPrime_workspace/ALU_8bit/alu8bit.v Line: 45
Warning (10235): Verilog HDL Always Construct warning at alu8bit.v(46): variable "sub_cout" is read inside the Always Construct but isn't in the Always Construct's Event Control File: D:/QuartusPrime_workspace/ALU_8bit/alu8bit.v Line: 46
Warning (10235): Verilog HDL Always Construct warning at alu8bit.v(51): variable "inc_out" is read inside the Always Construct but isn't in the Always Construct's Event Control File: D:/QuartusPrime_workspace/ALU_8bit/alu8bit.v Line: 51
Warning (10235): Verilog HDL Always Construct warning at alu8bit.v(52): variable "inc_cout" is read inside the Always Construct but isn't in the Always Construct's Event Control File: D:/QuartusPrime_workspace/ALU_8bit/alu8bit.v Line: 52
Warning (10235): Verilog HDL Always Construct warning at alu8bit.v(57): variable "dec_out" is read inside the Always Construct but isn't in the Always Construct's Event Control File: D:/QuartusPrime_workspace/ALU_8bit/alu8bit.v Line: 57
Warning (10235): Verilog HDL Always Construct warning at alu8bit.v(58): variable "dec_cout" is read inside the Always Construct but isn't in the Always Construct's Event Control File: D:/QuartusPrime_workspace/ALU_8bit/alu8bit.v Line: 58
Warning (10235): Verilog HDL Always Construct warning at alu8bit.v(77): variable "and_out" is read inside the Always Construct but isn't in the Always Construct's Event Control File: D:/QuartusPrime_workspace/ALU_8bit/alu8bit.v Line: 77
Warning (10235): Verilog HDL Always Construct warning at alu8bit.v(79): variable "or_out" is read inside the Always Construct but isn't in the Always Construct's Event Control File: D:/QuartusPrime_workspace/ALU_8bit/alu8bit.v Line: 79
Warning (10235): Verilog HDL Always Construct warning at alu8bit.v(81): variable "exor_out" is read inside the Always Construct but isn't in the Always Construct's Event Control File: D:/QuartusPrime_workspace/ALU_8bit/alu8bit.v Line: 81
Warning (10235): Verilog HDL Always Construct warning at alu8bit.v(83): variable "not_out" is read inside the Always Construct but isn't in the Always Construct's Event Control File: D:/QuartusPrime_workspace/ALU_8bit/alu8bit.v Line: 83
Warning (10240): Verilog HDL Always Construct warning at alu8bit.v(29): inferring latch(es) for variable "cout", which holds its previous value in one or more paths through the always construct File: D:/QuartusPrime_workspace/ALU_8bit/alu8bit.v Line: 29
Info (10041): Inferred latch for "cout" at alu8bit.v(73) File: D:/QuartusPrime_workspace/ALU_8bit/alu8bit.v Line: 73
Info (12128): Elaborating entity "add_8bit" for hierarchy "add_8bit:add" File: D:/QuartusPrime_workspace/ALU_8bit/alu8bit.v Line: 13
Info (12128): Elaborating entity "add_4bit" for hierarchy "add_8bit:add|add_4bit:add03" File: D:/QuartusPrime_workspace/ALU_8bit/add_8bit.v Line: 11
Info (12128): Elaborating entity "and_gate4" for hierarchy "add_8bit:add|add_4bit:add03|and_gate4:Cgen" File: D:/QuartusPrime_workspace/ALU_8bit/add_4bit.v Line: 12
Info (12128): Elaborating entity "exor_gate4" for hierarchy "add_8bit:add|add_4bit:add03|exor_gate4:Cprop" File: D:/QuartusPrime_workspace/ALU_8bit/add_4bit.v Line: 13
Info (12128): Elaborating entity "sub_8bit" for hierarchy "sub_8bit:sub" File: D:/QuartusPrime_workspace/ALU_8bit/alu8bit.v Line: 15
Info (12128): Elaborating entity "not_gate8" for hierarchy "sub_8bit:sub|not_gate8:ones_comp" File: D:/QuartusPrime_workspace/ALU_8bit/sub_8bit.v Line: 10
Info (12128): Elaborating entity "not_gate4" for hierarchy "sub_8bit:sub|not_gate8:ones_comp|not_gate4:n03" File: D:/QuartusPrime_workspace/ALU_8bit/not_gate8.v Line: 7
Info (12128): Elaborating entity "inc_8bit" for hierarchy "inc_8bit:inc" File: D:/QuartusPrime_workspace/ALU_8bit/alu8bit.v Line: 17
Info (12128): Elaborating entity "dec_8bit" for hierarchy "dec_8bit:dec" File: D:/QuartusPrime_workspace/ALU_8bit/alu8bit.v Line: 19
Info (12128): Elaborating entity "and_gate8" for hierarchy "and_gate8:and_gate" File: D:/QuartusPrime_workspace/ALU_8bit/alu8bit.v Line: 21
Info (12128): Elaborating entity "or_gate8" for hierarchy "or_gate8:or_gate" File: D:/QuartusPrime_workspace/ALU_8bit/alu8bit.v Line: 23
Info (12128): Elaborating entity "or_gate4" for hierarchy "or_gate8:or_gate|or_gate4:or03" File: D:/QuartusPrime_workspace/ALU_8bit/or_gate8.v Line: 8
Info (12128): Elaborating entity "exor_gate8" for hierarchy "exor_gate8:exor_gate" File: D:/QuartusPrime_workspace/ALU_8bit/alu8bit.v Line: 25
Info (286030): Timing-Driven Synthesis is running
Info (16010): Generating hard_block partition "hard_block:auto_generated_inst"
    Info (16011): Adding 0 node(s), including 0 DDIO, 0 PLL, 0 transceiver and 0 LCELL
Warning (21074): Design contains 1 input pin(s) that do not drive logic
    Warning (15610): No output dependent on input pin "en" File: D:/QuartusPrime_workspace/ALU_8bit/alu8bit.v Line: 3
Info (21057): Implemented 90 device resources after synthesis - the final resource count might be different
    Info (21058): Implemented 21 input pins
    Info (21059): Implemented 9 output pins
    Info (21061): Implemented 60 logic cells
Info: Quartus Prime Analysis & Synthesis was successful. 0 errors, 16 warnings
    Info: Peak virtual memory: 4811 megabytes
    Info: Processing ended: Tue Nov 03 16:00:48 2020
    Info: Elapsed time: 00:00:09
    Info: Total CPU time (on all processors): 00:00:21


